// Jest Snapshot v1, https://goo.gl/fbAQLP

exports[`TodoList should render TodoList Component 1`] = `undefined`;
